\BOOKMARK [0][-]{chapter.1}{\376\377\0001\000\040\000I\000n\000t\000r\000o\000d\000u\000c\000t\000i\000o\000n}{}% 1
\BOOKMARK [1][-]{section.1.1}{\376\377\0001\000.\0001\000\040\000T\000h\000e\000\040\000C\000e\000n\000t\000r\000a\000l\000\040\000Q\000u\000e\000s\000t\000i\000o\000n}{chapter.1}% 2
\BOOKMARK [1][-]{section.1.2}{\376\377\0001\000.\0002\000\040\000W\000h\000a\000t\000\040\000H\000a\000s\000\040\000C\000h\000a\000n\000g\000e\000d\000\040\000S\000i\000n\000c\000e\000\040\000t\000h\000e\000\040\000F\000i\000r\000s\000t\000\040\000E\000d\000i\000t\000i\000o\000n}{chapter.1}% 3
\BOOKMARK [1][-]{section.1.3}{\376\377\0001\000.\0003\000\040\000M\000e\000t\000h\000o\000d\000o\000l\000o\000g\000y\000\040\000a\000n\000d\000\040\000S\000c\000o\000p\000e}{chapter.1}% 4
\BOOKMARK [1][-]{section.1.4}{\376\377\0001\000.\0004\000\040\000R\000e\000a\000d\000e\000r\000'\000s\000\040\000G\000u\000i\000d\000e}{chapter.1}% 5
\BOOKMARK [1][-]{section.1.5}{\376\377\0001\000.\0005\000\040\000S\000t\000r\000u\000c\000t\000u\000r\000e\000\040\000o\000f\000\040\000t\000h\000e\000\040\000R\000e\000p\000o\000r\000t}{chapter.1}% 6
\BOOKMARK [0][-]{chapter.2}{\376\377\0002\000\040\000T\000h\000e\000\040\0002\000,\0000\0000\0000\000-\000Y\000e\000a\000r\000\040\000P\000r\000o\000b\000l\000e\000m}{}% 7
\BOOKMARK [1][-]{section.2.1}{\376\377\0002\000.\0001\000\040\000W\000h\000y\000\040\000O\000r\000g\000a\000n\000i\000s\000a\000t\000i\000o\000n\000s\000\040\000L\000o\000o\000k\000\040\000t\000h\000e\000\040\000W\000a\000y\000\040\000T\000h\000e\000y\000\040\000D\000o}{chapter.2}% 8
\BOOKMARK [1][-]{section.2.2}{\376\377\0002\000.\0002\000\040\000T\000h\000e\000\040\000R\000o\000m\000a\000n\000\040\000P\000r\000o\000t\000o\000c\000o\000l}{chapter.2}% 9
\BOOKMARK [1][-]{section.2.3}{\376\377\0002\000.\0003\000\040\000T\000h\000e\000\040\000P\000r\000u\000s\000s\000i\000a\000n\000\040\000I\000n\000n\000o\000v\000a\000t\000i\000o\000n}{chapter.2}% 10
\BOOKMARK [1][-]{section.2.4}{\376\377\0002\000.\0004\000\040\000T\000h\000e\000\040\000R\000a\000i\000l\000r\000o\000a\000d\000\040\000C\000o\000m\000m\000e\000r\000c\000i\000a\000l\000i\000s\000a\000t\000i\000o\000n}{chapter.2}% 11
\BOOKMARK [1][-]{section.2.5}{\376\377\0002\000.\0005\000\040\000S\000c\000i\000e\000n\000t\000i\000f\000i\000c\000\040\000M\000a\000n\000a\000g\000e\000m\000e\000n\000t\000\040\000a\000n\000d\000\040\000t\000h\000e\000\040\000F\000u\000n\000c\000t\000i\000o\000n\000a\000l\000\040\000P\000y\000r\000a\000m\000i\000d}{chapter.2}% 12
\BOOKMARK [1][-]{section.2.6}{\376\377\0002\000.\0006\000\040\000A\000\040\000C\000e\000n\000t\000u\000r\000y\000\040\000o\000f\000\040\000F\000a\000i\000l\000e\000d\000\040\000A\000l\000t\000e\000r\000n\000a\000t\000i\000v\000e\000s}{chapter.2}% 13
\BOOKMARK [1][-]{section.2.7}{\376\377\0002\000.\0007\000\040\000T\000h\000e\000\040\000C\000o\000r\000e\000\040\000I\000n\000s\000i\000g\000h\000t}{chapter.2}% 14
\BOOKMARK [1][-]{section.2.8}{\376\377\0002\000.\0008\000\040\000F\000r\000o\000m\000\040\000C\000o\000a\000s\000e\000\040\000t\000o\000\040\000C\000o\000n\000t\000e\000x\000t}{chapter.2}% 15
\BOOKMARK [0][-]{chapter.3}{\376\377\0003\000\040\000T\000h\000e\000\040\000C\000o\000l\000l\000a\000p\000s\000e\000\040\000P\000o\000i\000n\000t}{}% 16
\BOOKMARK [1][-]{section.3.1}{\376\377\0003\000.\0001\000\040\000W\000h\000a\000t\000\040\000H\000a\000p\000p\000e\000n\000s\000\040\000W\000h\000e\000n\000\040\000C\000o\000o\000r\000d\000i\000n\000a\000t\000i\000o\000n\000\040\000B\000e\000c\000o\000m\000e\000s\000\040\000N\000e\000a\000r\000-\000F\000r\000e\000e}{chapter.3}% 17
\BOOKMARK [1][-]{section.3.2}{\376\377\0003\000.\0002\000\040\000T\000h\000e\000\040\000S\000e\000c\000r\000e\000t\000\040\000C\000y\000b\000o\000r\000g\000\040\000P\000r\000o\000b\000l\000e\000m}{chapter.3}% 18
\BOOKMARK [2][-]{subsection.3.2.1}{\376\377\0003\000.\0002\000.\0001\000\040\000T\000h\000e\000\040\000E\000p\000o\000c\000h\000\040\000A\000I\000\040\000E\000m\000p\000l\000o\000y\000m\000e\000n\000t\000\040\000S\000u\000r\000v\000e\000y\000\040\000\050\000M\000a\000r\000c\000h\000\040\0002\0000\0002\0006\000\051}{section.3.2}% 19
\BOOKMARK [1][-]{section.3.3}{\376\377\0003\000.\0003\000\040\000T\000h\000e\000\040\000S\000p\000l\000i\000t\000-\000S\000c\000r\000e\000e\000n\000\040\000L\000a\000b\000o\000u\000r\000\040\000M\000a\000r\000k\000e\000t}{chapter.3}% 20
\BOOKMARK [1][-]{section.3.4}{\376\377\0003\000.\0004\000\040\000T\000h\000e\000\040\000S\000h\000a\000d\000o\000w\000\040\000W\000o\000r\000k\000f\000l\000o\000w\000\040\000P\000r\000o\000b\000l\000e\000m}{chapter.3}% 21
\BOOKMARK [1][-]{section.3.5}{\376\377\0003\000.\0005\000\040\000T\000h\000e\000\040\000R\000a\000t\000i\000o\000n\000a\000l\000\040\000C\000a\000l\000c\000u\000l\000u\000s\000\040\000o\000f\000\040\000S\000e\000c\000r\000e\000c\000y}{chapter.3}% 22
\BOOKMARK [2][-]{subsection.3.5.1}{\376\377\0003\000.\0005\000.\0001\000\040\000T\000h\000e\000\040\000P\000s\000y\000c\000h\000o\000l\000o\000g\000i\000c\000a\000l\000\040\000S\000a\000f\000e\000t\000y\000\040\000E\000v\000i\000d\000e\000n\000c\000e}{section.3.5}% 23
\BOOKMARK [1][-]{section.3.6}{\376\377\0003\000.\0006\000\040\000T\000h\000e\000\040\000D\000i\000v\000e\000r\000g\000e\000n\000c\000e\000\040\000B\000e\000t\000w\000e\000e\000n\000\040\000F\000o\000r\000m\000a\000l\000\040\000a\000n\000d\000\040\000A\000c\000t\000u\000a\000l\000\040\000S\000t\000r\000u\000c\000t\000u\000r\000e}{chapter.3}% 24
\BOOKMARK [1][-]{section.3.7}{\376\377\0003\000.\0007\000\040\000T\000h\000e\000\040\000C\000o\000s\000t\000\040\000o\000f\000\040\000I\000n\000a\000c\000t\000i\000o\000n}{chapter.3}% 25
\BOOKMARK [0][-]{chapter.4}{\376\377\0004\000\040\000T\000h\000e\000\040\000J\000a\000g\000g\000e\000d\000\040\000F\000r\000o\000n\000t\000i\000e\000r}{}% 26
\BOOKMARK [1][-]{section.4.1}{\376\377\0004\000.\0001\000\040\000W\000h\000y\000\040\000W\000h\000o\000l\000e\000s\000a\000l\000e\000\040\000A\000u\000t\000o\000m\000a\000t\000i\000o\000n\000\040\000I\000s\000\040\000R\000e\000c\000k\000l\000e\000s\000s}{chapter.4}% 27
\BOOKMARK [1][-]{section.4.2}{\376\377\0004\000.\0002\000\040\000T\000h\000e\000\040\000B\000C\000G\000\040\000E\000x\000p\000e\000r\000i\000m\000e\000n\000t}{chapter.4}% 28
\BOOKMARK [1][-]{section.4.3}{\376\377\0004\000.\0003\000\040\000T\000h\000e\000\040\000S\000k\000i\000l\000l\000-\000L\000e\000v\000e\000l\000l\000i\000n\000g\000\040\000E\000f\000f\000e\000c\000t}{chapter.4}% 29
\BOOKMARK [1][-]{section.4.4}{\376\377\0004\000.\0004\000\040\000T\000h\000r\000e\000e\000\040\000C\000o\000l\000l\000a\000b\000o\000r\000a\000t\000i\000o\000n\000\040\000M\000o\000d\000e\000s}{chapter.4}% 30
\BOOKMARK [1][-]{section.4.5}{\376\377\0004\000.\0005\000\040\000Q\000u\000a\000n\000t\000i\000f\000y\000i\000n\000g\000\040\000t\000h\000e\000\040\000F\000r\000o\000n\000t\000i\000e\000r\000:\000\040\000T\000h\000e\000\040\000R\000e\000m\000o\000t\000e\000\040\000L\000a\000b\000o\000r\000\040\000I\000n\000d\000e\000x}{chapter.4}% 31
\BOOKMARK [1][-]{section.4.6}{\376\377\0004\000.\0006\000\040\000W\000h\000y\000\040\000t\000h\000e\000\040\000F\000r\000o\000n\000t\000i\000e\000r\000\040\000M\000a\000t\000t\000e\000r\000s\000\040\000f\000o\000r\000\040\000G\000o\000v\000e\000r\000n\000a\000n\000c\000e}{chapter.4}% 32
\BOOKMARK [1][-]{section.4.7}{\376\377\0004\000.\0007\000\040\000T\000h\000e\000\040\000F\000r\000o\000n\000t\000i\000e\000r\000\040\000I\000s\000\040\000D\000y\000n\000a\000m\000i\000c}{chapter.4}% 33
\BOOKMARK [0][-]{chapter.5}{\376\377\0005\000\040\000T\000h\000e\000\040\000V\000i\000g\000i\000l\000a\000n\000c\000e\000\040\000P\000r\000o\000b\000l\000e\000m}{}% 34
\BOOKMARK [1][-]{section.5.1}{\376\377\0005\000.\0001\000\040\000W\000h\000y\000\040\000`\000`\000H\000u\000m\000a\000n\000\040\000i\000n\000\040\000t\000h\000e\000\040\000L\000o\000o\000p\000'\000'\000\040\000I\000s\000\040\000N\000o\000t\000\040\000E\000n\000o\000u\000g\000h}{chapter.5}% 35
\BOOKMARK [1][-]{section.5.2}{\376\377\0005\000.\0002\000\040\000F\000a\000l\000l\000i\000n\000g\000\040\000A\000s\000l\000e\000e\000p\000\040\000a\000t\000\040\000t\000h\000e\000\040\000W\000h\000e\000e\000l}{chapter.5}% 36
\BOOKMARK [1][-]{section.5.3}{\376\377\0005\000.\0003\000\040\000T\000h\000e\000\040\000Q\000u\000a\000l\000i\000t\000y\000\040\000P\000a\000r\000a\000d\000o\000x}{chapter.5}% 37
\BOOKMARK [1][-]{section.5.4}{\376\377\0005\000.\0004\000\040\000I\000m\000p\000l\000i\000c\000a\000t\000i\000o\000n\000s\000\040\000f\000o\000r\000\040\000O\000r\000g\000a\000n\000i\000s\000a\000t\000i\000o\000n\000a\000l\000\040\000D\000e\000s\000i\000g\000n}{chapter.5}% 38
\BOOKMARK [2][-]{subsection.5.4.1}{\376\377\0005\000.\0004\000.\0001\000\040\000P\000a\000s\000s\000i\000v\000e\000\040\000O\000v\000e\000r\000s\000i\000g\000h\000t\000\040\000D\000e\000g\000r\000a\000d\000e\000s}{section.5.4}% 39
\BOOKMARK [2][-]{subsection.5.4.2}{\376\377\0005\000.\0004\000.\0002\000\040\000A\000c\000t\000i\000v\000e\000\040\000E\000n\000g\000a\000g\000e\000m\000e\000n\000t\000\040\000I\000s\000\040\000R\000e\000q\000u\000i\000r\000e\000d}{section.5.4}% 40
\BOOKMARK [2][-]{subsection.5.4.3}{\376\377\0005\000.\0004\000.\0003\000\040\000D\000e\000l\000i\000b\000e\000r\000a\000t\000e\000\040\000F\000r\000i\000c\000t\000i\000o\000n\000\040\000I\000s\000\040\000a\000\040\000D\000e\000s\000i\000g\000n\000\040\000R\000e\000q\000u\000i\000r\000e\000m\000e\000n\000t}{section.5.4}% 41
\BOOKMARK [2][-]{subsection.5.4.4}{\376\377\0005\000.\0004\000.\0004\000\040\000G\000o\000v\000e\000r\000n\000a\000n\000c\000e\000\040\000M\000u\000s\000t\000\040\000B\000e\000\040\000C\000o\000n\000t\000i\000n\000u\000o\000u\000s}{section.5.4}% 42
\BOOKMARK [1][-]{section.5.5}{\376\377\0005\000.\0005\000\040\000C\000a\000l\000i\000b\000r\000a\000t\000i\000n\000g\000\040\000O\000v\000e\000r\000s\000i\000g\000h\000t\000:\000\040\000E\000v\000i\000d\000e\000n\000c\000e\000\040\000f\000r\000o\000m\000\040\000t\000h\000e\000\040\000F\000i\000e\000l\000d}{chapter.5}% 43
\BOOKMARK [1][-]{section.5.6}{\376\377\0005\000.\0006\000\040\000T\000h\000e\000\040\000A\000t\000r\000o\000p\000h\000y\000\040\000P\000r\000e\000d\000i\000c\000t\000i\000o\000n}{chapter.5}% 44
\BOOKMARK [1][-]{section.5.7}{\376\377\0005\000.\0007\000\040\000T\000h\000e\000\040\000V\000i\000g\000i\000l\000a\000n\000c\000e\000\040\000P\000r\000o\000b\000l\000e\000m\000\040\000a\000t\000\040\000t\000h\000e\000\040\000A\000g\000e\000n\000t\000\040\000L\000a\000y\000e\000r}{chapter.5}% 45
\BOOKMARK [1][-]{section.5.8}{\376\377\0005\000.\0008\000\040\000W\000h\000a\000t\000\040\000T\000h\000i\000s\000\040\000M\000e\000a\000n\000s\000\040\000f\000o\000r\000\040\000t\000h\000e\000\040\000T\000h\000r\000e\000e\000\040\000M\000o\000d\000e\000l\000s}{chapter.5}% 46
\BOOKMARK [0][-]{chapter.6}{\376\377\0006\000\040\000T\000h\000r\000e\000e\000\040\000M\000o\000d\000e\000l\000s\000\040\000f\000o\000r\000\040\000W\000h\000a\000t\000\040\000C\000o\000m\000e\000s\000\040\000N\000e\000x\000t}{}% 47
\BOOKMARK [1][-]{section.6.1}{\376\377\0006\000.\0001\000\040\000T\000h\000e\000\040\000E\000m\000e\000r\000g\000i\000n\000g\000\040\000P\000a\000r\000a\000d\000i\000g\000m\000s}{chapter.6}% 48
\BOOKMARK [1][-]{section.6.2}{\376\377\0006\000.\0002\000\040\000M\000o\000d\000e\000l\000\040\000A\000:\000\040\000T\000h\000e\000\040\000I\000n\000t\000e\000l\000l\000i\000g\000e\000n\000c\000e\000\040\000L\000a\000y\000e\000r}{chapter.6}% 49
\BOOKMARK [2][-]{subsection.6.2.1}{\376\377\0006\000.\0002\000.\0001\000\040\000S\000o\000u\000r\000c\000e\000\040\000a\000n\000d\000\040\000C\000o\000r\000e\000\040\000T\000h\000e\000s\000i\000s}{section.6.2}% 50
\BOOKMARK [2][-]{subsection.6.2.2}{\376\377\0006\000.\0002\000.\0002\000\040\000T\000h\000e\000\040\000C\000a\000s\000e\000\040\000F\000o\000r}{section.6.2}% 51
\BOOKMARK [2][-]{subsection.6.2.3}{\376\377\0006\000.\0002\000.\0003\000\040\000T\000h\000e\000\040\000C\000a\000s\000e\000\040\000A\000g\000a\000i\000n\000s\000t}{section.6.2}% 52
\BOOKMARK [1][-]{section.6.3}{\376\377\0006\000.\0003\000\040\000M\000o\000d\000e\000l\000\040\000B\000:\000\040\000T\000h\000e\000\040\000A\000g\000e\000n\000t\000\040\000C\000o\000l\000o\000n\000y}{chapter.6}% 53
\BOOKMARK [2][-]{subsection.6.3.1}{\376\377\0006\000.\0003\000.\0001\000\040\000S\000o\000u\000r\000c\000e\000\040\000a\000n\000d\000\040\000C\000o\000r\000e\000\040\000T\000h\000e\000s\000i\000s}{section.6.3}% 54
\BOOKMARK [2][-]{subsection.6.3.2}{\376\377\0006\000.\0003\000.\0002\000\040\000W\000h\000a\000t\000\040\000W\000o\000r\000k\000s}{section.6.3}% 55
\BOOKMARK [2][-]{subsection.6.3.3}{\376\377\0006\000.\0003\000.\0003\000\040\000W\000h\000a\000t\000\040\000D\000o\000e\000s\000\040\000N\000o\000t\000\040\000W\000o\000r\000k}{section.6.3}% 56
\BOOKMARK [1][-]{section.6.4}{\376\377\0006\000.\0004\000\040\000M\000o\000d\000e\000l\000\040\000C\000:\000\040\000T\000h\000e\000\040\000D\000y\000n\000a\000m\000i\000c\000\040\000A\000g\000e\000n\000t\000i\000c\000\040\000M\000e\000s\000h}{chapter.6}% 57
\BOOKMARK [2][-]{subsection.6.4.1}{\376\377\0006\000.\0004\000.\0001\000\040\000C\000o\000r\000e\000\040\000T\000h\000e\000s\000i\000s}{section.6.4}% 58
\BOOKMARK [2][-]{subsection.6.4.2}{\376\377\0006\000.\0004\000.\0002\000\040\000T\000h\000r\000e\000e\000\040\000L\000a\000y\000e\000r\000s}{section.6.4}% 59
\BOOKMARK [2][-]{subsection.6.4.3}{\376\377\0006\000.\0004\000.\0003\000\040\000T\000h\000e\000\040\000I\000n\000s\000i\000g\000h\000t\000\040\000I\000n\000g\000e\000s\000t\000i\000o\000n\000\040\000L\000o\000o\000p}{section.6.4}% 60
\BOOKMARK [2][-]{subsection.6.4.4}{\376\377\0006\000.\0004\000.\0004\000\040\000H\000o\000n\000e\000s\000t\000\040\000L\000i\000m\000i\000t\000a\000t\000i\000o\000n\000s}{section.6.4}% 61
\BOOKMARK [1][-]{section.6.5}{\376\377\0006\000.\0005\000\040\000C\000o\000m\000p\000a\000r\000a\000t\000i\000v\000e\000\040\000A\000n\000a\000l\000y\000s\000i\000s}{chapter.6}% 62
\BOOKMARK [0][-]{chapter.7}{\376\377\0007\000\040\000T\000h\000e\000\040\000E\000c\000o\000n\000o\000m\000i\000c\000s\000\040\000o\000f\000\040\000A\000g\000e\000n\000t\000\040\000C\000o\000o\000r\000d\000i\000n\000a\000t\000i\000o\000n}{}% 63
\BOOKMARK [1][-]{section.7.1}{\376\377\0007\000.\0001\000\040\000F\000r\000o\000m\000\040\000C\000o\000a\000s\000e\000\040\000t\000o\000\040\000C\000o\000n\000t\000e\000x\000t}{chapter.7}% 64
\BOOKMARK [1][-]{section.7.2}{\376\377\0007\000.\0002\000\040\000H\000u\000m\000a\000n\000-\000I\000m\000i\000t\000a\000t\000i\000o\000n\000\040\000F\000o\000r\000m\000s\000\040\000F\000a\000i\000l\000\040\000i\000n\000\040\000S\000i\000l\000i\000c\000o\000n}{chapter.7}% 65
\BOOKMARK [1][-]{section.7.3}{\376\377\0007\000.\0003\000\040\000T\000h\000e\000\040\000G\000o\000l\000d\000i\000l\000o\000c\000k\000s\000\040\000Z\000o\000n\000e\000\040\000o\000f\000\040\000C\000o\000o\000r\000d\000i\000n\000a\000t\000i\000o\000n\000\040\000C\000o\000s\000t}{chapter.7}% 66
\BOOKMARK [1][-]{section.7.4}{\376\377\0007\000.\0004\000\040\000P\000s\000e\000u\000d\000o\000-\000D\000i\000v\000e\000r\000s\000i\000t\000y\000\040\000a\000n\000d\000\040\000t\000h\000e\000\040\000D\000e\000a\000t\000h\000\040\000o\000f\000\040\000t\000h\000e\000\040\000C\000o\000m\000m\000i\000t\000t\000e\000e}{chapter.7}% 67
\BOOKMARK [1][-]{section.7.5}{\376\377\0007\000.\0005\000\040\000I\000n\000t\000e\000r\000f\000a\000c\000e\000\040\000O\000r\000g\000a\000n\000i\000s\000a\000t\000i\000o\000n\000s}{chapter.7}% 68
\BOOKMARK [1][-]{section.7.6}{\376\377\0007\000.\0006\000\040\000W\000h\000a\000t\000\040\000T\000h\000i\000s\000\040\000M\000e\000a\000n\000s\000\040\000f\000o\000r\000\040\000t\000h\000e\000\040\000T\000h\000r\000e\000e\000\040\000M\000o\000d\000e\000l\000s}{chapter.7}% 69
\BOOKMARK [0][-]{chapter.8}{\376\377\0008\000\040\000T\000h\000e\000\040\000C\000o\000m\000p\000o\000u\000n\000d\000i\000n\000g\000\040\000O\000r\000g\000a\000n\000i\000s\000a\000t\000i\000o\000n}{}% 70
\BOOKMARK [1][-]{section.8.1}{\376\377\0008\000.\0001\000\040\000W\000h\000e\000n\000\040\000t\000h\000e\000\040\000L\000e\000a\000r\000n\000i\000n\000g\000\040\000S\000y\000s\000t\000e\000m\000\040\000B\000e\000c\000o\000m\000e\000s\000\040\000t\000h\000e\000\040\000P\000r\000o\000d\000u\000c\000t}{chapter.8}% 71
\BOOKMARK [1][-]{section.8.2}{\376\377\0008\000.\0002\000\040\000T\000h\000e\000\040\000C\000o\000m\000p\000o\000u\000n\000d\000\040\000E\000n\000g\000i\000n\000e\000e\000r\000i\000n\000g\000\040\000L\000a\000d\000d\000e\000r}{chapter.8}% 72
\BOOKMARK [1][-]{section.8.3}{\376\377\0008\000.\0003\000\040\000T\000h\000e\000\040\000O\000r\000g\000a\000n\000i\000s\000a\000t\000i\000o\000n\000a\000l\000\040\000F\000l\000y\000w\000h\000e\000e\000l}{chapter.8}% 73
\BOOKMARK [1][-]{section.8.4}{\376\377\0008\000.\0004\000\040\000T\000h\000e\000\040\000D\000a\000t\000a\000\040\000M\000o\000a\000t}{chapter.8}% 74
\BOOKMARK [1][-]{section.8.5}{\376\377\0008\000.\0005\000\040\000E\000v\000e\000r\000y\000o\000n\000e\000\040\000I\000s\000\040\000a\000\040\000M\000a\000n\000a\000g\000e\000r\000\040\000N\000o\000w}{chapter.8}% 75
\BOOKMARK [2][-]{subsection.8.5.1}{\376\377\0008\000.\0005\000.\0001\000\040\000W\000h\000y\000\040\000T\000h\000i\000s\000\040\000I\000s\000\040\000T\000h\000r\000e\000a\000t\000e\000n\000i\000n\000g}{section.8.5}% 76
\BOOKMARK [1][-]{section.8.6}{\376\377\0008\000.\0006\000\040\000T\000h\000e\000\040\000C\000o\000n\000d\000u\000c\000t\000o\000r\000\040\000P\000r\000o\000b\000l\000e\000m}{chapter.8}% 77
\BOOKMARK [1][-]{section.8.7}{\376\377\0008\000.\0007\000\040\000H\000o\000w\000\040\000t\000o\000\040\000P\000r\000e\000s\000e\000n\000t\000\040\000T\000h\000i\000s\000\040\000W\000i\000t\000h\000o\000u\000t\000\040\000P\000a\000t\000r\000o\000n\000i\000s\000i\000n\000g}{chapter.8}% 78
\BOOKMARK [0][-]{chapter.9}{\376\377\0009\000\040\000N\000e\000w\000\040\000K\000P\000I\000s\000\040\000f\000o\000r\000\040\000a\000\040\000F\000l\000u\000i\000d\000\040\000O\000r\000g\000a\000n\000i\000s\000a\000t\000i\000o\000n}{}% 79
\BOOKMARK [1][-]{section.9.1}{\376\377\0009\000.\0001\000\040\000W\000h\000y\000\040\000t\000h\000e\000\040\000E\000x\000i\000s\000t\000i\000n\000g\000\040\000K\000P\000I\000\040\000L\000a\000n\000d\000s\000c\000a\000p\000e\000\040\000I\000s\000\040\000I\000n\000a\000d\000e\000q\000u\000a\000t\000e}{chapter.9}% 80
\BOOKMARK [1][-]{section.9.2}{\376\377\0009\000.\0002\000\040\000M\000e\000s\000h\000\040\000V\000e\000l\000o\000c\000i\000t\000y}{chapter.9}% 81
\BOOKMARK [1][-]{section.9.3}{\376\377\0009\000.\0003\000\040\000A\000u\000g\000m\000e\000n\000t\000a\000t\000i\000o\000n\000\040\000R\000a\000t\000i\000o}{chapter.9}% 82
\BOOKMARK [1][-]{section.9.4}{\376\377\0009\000.\0004\000\040\000T\000r\000u\000s\000t\000\040\000V\000a\000r\000i\000a\000n\000c\000e}{chapter.9}% 83
\BOOKMARK [1][-]{section.9.5}{\376\377\0009\000.\0005\000\040\000H\000I\000T\000L\000\040\000P\000r\000e\000c\000i\000s\000i\000o\000n}{chapter.9}% 84
\BOOKMARK [1][-]{section.9.6}{\376\377\0009\000.\0006\000\040\000M\000e\000a\000s\000u\000r\000i\000n\000g\000\040\000t\000h\000e\000\040\000C\000o\000n\000t\000e\000x\000t\000\040\000T\000a\000x}{chapter.9}% 85
\BOOKMARK [1][-]{section.9.7}{\376\377\0009\000.\0007\000\040\000T\000h\000e\000\040\000K\000P\000I\000\040\000D\000a\000s\000h\000b\000o\000a\000r\000d\000\040\000a\000s\000\040\000a\000\040\000N\000a\000r\000r\000a\000t\000i\000v\000e}{chapter.9}% 86
\BOOKMARK [0][-]{chapter.10}{\376\377\0001\0000\000\040\000T\000h\000e\000\040\000G\000o\000v\000e\000r\000n\000a\000n\000c\000e\000\040\000P\000a\000r\000a\000d\000o\000x}{}% 87
\BOOKMARK [1][-]{section.10.1}{\376\377\0001\0000\000.\0001\000\040\000G\000o\000v\000e\000r\000n\000a\000n\000c\000e\000\040\000a\000s\000\040\000A\000c\000c\000e\000l\000e\000r\000a\000t\000o\000r\000,\000\040\000N\000o\000t\000\040\000B\000r\000a\000k\000e}{chapter.10}% 88
\BOOKMARK [1][-]{section.10.2}{\376\377\0001\0000\000.\0002\000\040\000T\000h\000e\000\040\000R\000a\000c\000i\000n\000g\000\040\000C\000a\000r\000\040\000P\000r\000i\000n\000c\000i\000p\000l\000e}{chapter.10}% 89
\BOOKMARK [1][-]{section.10.3}{\376\377\0001\0000\000.\0003\000\040\000D\000e\000c\000l\000a\000r\000a\000t\000i\000v\000e\000\040\000G\000o\000v\000e\000r\000n\000a\000n\000c\000e}{chapter.10}% 90
\BOOKMARK [1][-]{section.10.4}{\376\377\0001\0000\000.\0004\000\040\000H\000I\000T\000L\000\040\000b\000y\000\040\000D\000e\000s\000i\000g\000n}{chapter.10}% 91
\BOOKMARK [1][-]{section.10.5}{\376\377\0001\0000\000.\0005\000\040\000O\000n\000t\000o\000l\000o\000g\000i\000c\000a\000l\000\040\000P\000r\000o\000v\000e\000n\000a\000n\000c\000e}{chapter.10}% 92
\BOOKMARK [1][-]{section.10.6}{\376\377\0001\0000\000.\0006\000\040\000C\000a\000s\000c\000a\000d\000i\000n\000g\000\040\000T\000r\000u\000s\000t\000\040\000H\000i\000e\000r\000a\000r\000c\000h\000i\000e\000s}{chapter.10}% 93
\BOOKMARK [1][-]{section.10.7}{\376\377\0001\0000\000.\0007\000\040\000S\000e\000c\000u\000r\000i\000t\000y\000\040\000a\000s\000\040\000F\000o\000u\000n\000d\000a\000t\000i\000o\000n\000,\000\040\000N\000o\000t\000\040\000F\000r\000i\000c\000t\000i\000o\000n}{chapter.10}% 94
\BOOKMARK [1][-]{section.10.8}{\376\377\0001\0000\000.\0008\000\040\000T\000h\000e\000\040\000G\000o\000v\000e\000r\000n\000a\000n\000c\000e\000\040\000P\000a\000r\000a\000d\000o\000x\000\040\000R\000e\000s\000o\000l\000v\000e\000d}{chapter.10}% 95
\BOOKMARK [0][-]{chapter.11}{\376\377\0001\0001\000\040\000T\000h\000e\000\040\000C\000h\000a\000n\000g\000e\000\040\000P\000r\000o\000b\000l\000e\000m}{}% 96
\BOOKMARK [1][-]{section.11.1}{\376\377\0001\0001\000.\0001\000\040\000W\000h\000y\000\040\000T\000h\000i\000s\000\040\000C\000a\000n\000n\000o\000t\000\040\000B\000e\000\040\000M\000a\000n\000a\000g\000e\000d\000\040\000w\000i\000t\000h\000\040\000a\000\040\000G\000a\000n\000t\000t\000\040\000C\000h\000a\000r\000t}{chapter.11}% 97
\BOOKMARK [1][-]{section.11.2}{\376\377\0001\0001\000.\0002\000\040\000T\000h\000e\000\040\000C\000o\000n\000t\000i\000n\000u\000o\000u\000s\000\040\000C\000h\000a\000n\000g\000e\000\040\000A\000r\000c\000h\000i\000t\000e\000c\000t\000u\000r\000e}{chapter.11}% 98
\BOOKMARK [2][-]{subsection.11.2.1}{\376\377\0001\0001\000.\0002\000.\0001\000\040\000C\000o\000n\000t\000i\000n\000u\000o\000u\000s\000\040\000T\000r\000a\000n\000s\000f\000o\000r\000m\000a\000t\000i\000o\000n}{section.11.2}% 99
\BOOKMARK [2][-]{subsection.11.2.2}{\376\377\0001\0001\000.\0002\000.\0002\000\040\000A\000d\000a\000p\000t\000i\000v\000e\000\040\000C\000h\000a\000n\000g\000e\000\040\000A\000r\000c\000h\000i\000t\000e\000c\000t\000u\000r\000e}{section.11.2}% 100
\BOOKMARK [2][-]{subsection.11.2.3}{\376\377\0001\0001\000.\0002\000.\0003\000\040\000D\000y\000n\000a\000m\000i\000c\000\040\000C\000a\000p\000a\000b\000i\000l\000i\000t\000i\000e\000s}{section.11.2}% 101
\BOOKMARK [2][-]{subsection.11.2.4}{\376\377\0001\0001\000.\0002\000.\0004\000\040\000D\000i\000r\000e\000c\000t\000e\000d\000\040\000A\000u\000t\000o\000n\000o\000m\000y}{section.11.2}% 102
\BOOKMARK [1][-]{section.11.3}{\376\377\0001\0001\000.\0003\000\040\000W\000h\000a\000t\000\040\0005\0001\000\040\000S\000u\000c\000c\000e\000s\000s\000f\000u\000l\000\040\000D\000e\000p\000l\000o\000y\000m\000e\000n\000t\000s\000\040\000T\000e\000a\000c\000h}{chapter.11}% 103
\BOOKMARK [2][-]{subsection.11.3.1}{\376\377\0001\0001\000.\0003\000.\0001\000\040\000T\000h\000e\000\040\000H\000a\000r\000d\000\040\000P\000a\000r\000t\000\040\000W\000a\000s\000\040\000N\000e\000v\000e\000r\000\040\000t\000h\000e\000\040\000T\000e\000c\000h\000n\000o\000l\000o\000g\000y}{section.11.3}% 104
\BOOKMARK [2][-]{subsection.11.3.2}{\376\377\0001\0001\000.\0003\000.\0002\000\040\000F\000a\000i\000l\000u\000r\000e\000\040\000C\000o\000n\000v\000e\000r\000t\000s\000\040\000t\000o\000\040\000L\000e\000a\000r\000n\000i\000n\000g\000\040\000O\000n\000l\000y\000\040\000W\000i\000t\000h\000\040\000a\000\040\000C\000o\000n\000s\000t\000a\000n\000t\000\040\000S\000p\000o\000n\000s\000o\000r}{section.11.3}% 105
\BOOKMARK [2][-]{subsection.11.3.3}{\376\377\0001\0001\000.\0003\000.\0003\000\040\000T\000i\000m\000e\000l\000i\000n\000e\000\040\000V\000a\000r\000i\000a\000n\000c\000e\000\040\000I\000s\000\040\000O\000r\000g\000a\000n\000i\000s\000a\000t\000i\000o\000n\000a\000l\000,\000\040\000N\000o\000t\000\040\000T\000e\000c\000h\000n\000i\000c\000a\000l}{section.11.3}% 106
\BOOKMARK [2][-]{subsection.11.3.4}{\376\377\0001\0001\000.\0003\000.\0004\000\040\000S\000p\000o\000n\000s\000o\000r\000s\000h\000i\000p\000\040\000I\000s\000\040\000a\000\040\000B\000e\000h\000a\000v\000i\000o\000u\000r\000,\000\040\000N\000o\000t\000\040\000a\000\040\000T\000i\000t\000l\000e}{section.11.3}% 107
\BOOKMARK [1][-]{section.11.4}{\376\377\0001\0001\000.\0004\000\040\000T\000h\000e\000\040\0001\000-\0009\000-\0009\0000\000\040\000P\000a\000t\000t\000e\000r\000n}{chapter.11}% 108
\BOOKMARK [1][-]{section.11.5}{\376\377\0001\0001\000.\0005\000\040\000R\000e\000s\000i\000s\000t\000a\000n\000c\000e\000\040\000P\000a\000t\000t\000e\000r\000n\000s}{chapter.11}% 109
\BOOKMARK [2][-]{subsection.11.5.1}{\376\377\0001\0001\000.\0005\000.\0001\000\040\000W\000h\000e\000r\000e\000\040\000R\000e\000s\000i\000s\000t\000a\000n\000c\000e\000\040\000A\000c\000t\000u\000a\000l\000l\000y\000\040\000O\000r\000i\000g\000i\000n\000a\000t\000e\000s}{section.11.5}% 110
\BOOKMARK [1][-]{section.11.6}{\376\377\0001\0001\000.\0006\000\040\000T\000h\000e\000\040\000C\000o\000n\000t\000r\000a\000d\000i\000c\000t\000i\000o\000n\000\040\000i\000n\000\040\000T\000h\000i\000s\000\040\000R\000e\000p\000o\000r\000t}{chapter.11}% 111
\BOOKMARK [0][-]{chapter.12}{\376\377\0001\0002\000\040\000T\000h\000e\000\040\000I\000n\000d\000u\000s\000t\000r\000y\000\040\000L\000a\000n\000d\000s\000c\000a\000p\000e}{}% 112
\BOOKMARK [1][-]{section.12.1}{\376\377\0001\0002\000.\0001\000\040\000W\000h\000a\000t\000\040\000t\000h\000e\000\040\000M\000a\000j\000o\000r\000\040\000C\000o\000n\000s\000u\000l\000t\000a\000n\000c\000i\000e\000s\000\040\000A\000r\000e\000\040\000S\000a\000y\000i\000n\000g}{chapter.12}% 113
\BOOKMARK [1][-]{section.12.2}{\376\377\0001\0002\000.\0002\000\040\000M\000c\000K\000i\000n\000s\000e\000y\000:\000\040\000T\000h\000e\000\040\000A\000g\000e\000n\000t\000i\000c\000\040\000O\000r\000g\000a\000n\000i\000s\000a\000t\000i\000o\000n}{chapter.12}% 114
\BOOKMARK [1][-]{section.12.3}{\376\377\0001\0002\000.\0003\000\040\000B\000C\000G\000:\000\040\000Q\000u\000a\000n\000t\000i\000f\000y\000i\000n\000g\000\040\000t\000h\000e\000\040\000S\000h\000i\000f\000t}{chapter.12}% 115
\BOOKMARK [1][-]{section.12.4}{\376\377\0001\0002\000.\0004\000\040\000D\000e\000l\000o\000i\000t\000t\000e\000:\000\040\000M\000e\000a\000s\000u\000r\000i\000n\000g\000\040\000M\000a\000t\000u\000r\000i\000t\000y}{chapter.12}% 116
\BOOKMARK [1][-]{section.12.5}{\376\377\0001\0002\000.\0005\000\040\000G\000a\000r\000t\000n\000e\000r\000:\000\040\000S\000t\000r\000u\000c\000t\000u\000r\000a\000l\000\040\000P\000r\000e\000d\000i\000c\000t\000i\000o\000n\000s}{chapter.12}% 117
\BOOKMARK [1][-]{section.12.6}{\376\377\0001\0002\000.\0006\000\040\000W\000o\000r\000l\000d\000\040\000E\000c\000o\000n\000o\000m\000i\000c\000\040\000F\000o\000r\000u\000m\000:\000\040\000T\000h\000e\000\040\000J\000o\000b\000s\000\040\000L\000a\000n\000d\000s\000c\000a\000p\000e}{chapter.12}% 118
\BOOKMARK [1][-]{section.12.7}{\376\377\0001\0002\000.\0007\000\040\000T\000h\000e\000\040\000D\000e\000p\000l\000o\000y\000m\000e\000n\000t\000\040\000G\000r\000o\000u\000n\000d\000\040\000T\000r\000u\000t\000h}{chapter.12}% 119
\BOOKMARK [1][-]{section.12.8}{\376\377\0001\0002\000.\0008\000\040\000T\000h\000e\000\040\000F\000r\000o\000n\000t\000i\000e\000r\000\040\000a\000n\000d\000\040\000t\000h\000e\000\040\000L\000a\000b\000o\000u\000r\000\040\000M\000a\000r\000k\000e\000t}{chapter.12}% 120
\BOOKMARK [1][-]{section.12.9}{\376\377\0001\0002\000.\0009\000\040\000A\000g\000e\000n\000t\000i\000c\000\040\000A\000I\000\040\000A\000d\000o\000p\000t\000i\000o\000n\000\040\000a\000t\000\040\000S\000c\000a\000l\000e}{chapter.12}% 121
\BOOKMARK [1][-]{section.12.10}{\376\377\0001\0002\000.\0001\0000\000\040\000C\000o\000m\000p\000a\000r\000a\000t\000i\000v\000e\000\040\000P\000o\000s\000i\000t\000i\000o\000n\000i\000n\000g}{chapter.12}% 122
\BOOKMARK [0][-]{chapter.13}{\376\377\0001\0003\000\040\000T\000h\000e\000\040\000R\000o\000l\000e\000\040\000T\000r\000a\000n\000s\000f\000o\000r\000m\000a\000t\000i\000o\000n}{}% 123
\BOOKMARK [1][-]{section.13.1}{\376\377\0001\0003\000.\0001\000\040\000T\000h\000e\000\040\000M\000i\000d\000d\000l\000e\000\040\000M\000a\000n\000a\000g\000e\000r\000\040\000a\000s\000\040\000J\000u\000d\000g\000m\000e\000n\000t\000\040\000B\000r\000o\000k\000e\000r}{chapter.13}% 124
\BOOKMARK [1][-]{section.13.2}{\376\377\0001\0003\000.\0002\000\040\000T\000h\000r\000e\000e\000\040\000I\000r\000r\000e\000p\000l\000a\000c\000e\000a\000b\000l\000e\000\040\000H\000u\000m\000a\000n\000\040\000C\000a\000p\000a\000c\000i\000t\000i\000e\000s}{chapter.13}% 125
\BOOKMARK [2][-]{subsection.13.2.1}{\376\377\0001\0003\000.\0002\000.\0001\000\040\000S\000t\000r\000a\000t\000e\000g\000i\000c\000\040\000V\000e\000c\000t\000o\000r\000s}{section.13.2}% 126
\BOOKMARK [2][-]{subsection.13.2.2}{\376\377\0001\0003\000.\0002\000.\0002\000\040\000E\000t\000h\000i\000c\000a\000l\000\040\000A\000d\000j\000u\000d\000i\000c\000a\000t\000i\000o\000n}{section.13.2}% 127
\BOOKMARK [2][-]{subsection.13.2.3}{\376\377\0001\0003\000.\0002\000.\0003\000\040\000R\000e\000l\000a\000t\000i\000o\000n\000a\000l\000\040\000I\000n\000t\000e\000l\000l\000i\000g\000e\000n\000c\000e}{section.13.2}% 128
\BOOKMARK [1][-]{section.13.3}{\376\377\0001\0003\000.\0003\000\040\000T\000h\000e\000\040\000G\000r\000e\000y\000b\000e\000a\000r\000d\000\040\000S\000i\000g\000n\000a\000l}{chapter.13}% 129
\BOOKMARK [1][-]{section.13.4}{\376\377\0001\0003\000.\0004\000\040\000M\000a\000n\000a\000g\000e\000m\000e\000n\000t\000\040\000a\000s\000\040\000A\000I\000\040\000S\000u\000p\000e\000r\000p\000o\000w\000e\000r}{chapter.13}% 130
\BOOKMARK [1][-]{section.13.5}{\376\377\0001\0003\000.\0005\000\040\000T\000a\000s\000k\000s\000,\000\040\000J\000o\000b\000s\000,\000\040\000a\000n\000d\000\040\000t\000h\000e\000\040\000B\000r\000o\000k\000e\000r\000\040\000P\000i\000p\000e\000l\000i\000n\000e}{chapter.13}% 131
\BOOKMARK [2][-]{subsection.13.5.1}{\376\377\0001\0003\000.\0005\000.\0001\000\040\000T\000a\000s\000k\000s\000\040\000A\000r\000e\000\040\000N\000o\000t\000\040\000J\000o\000b\000s}{section.13.5}% 132
\BOOKMARK [2][-]{subsection.13.5.2}{\376\377\0001\0003\000.\0005\000.\0002\000\040\000T\000h\000e\000\040\000P\000i\000p\000e\000l\000i\000n\000e\000\040\000P\000r\000o\000b\000l\000e\000m}{section.13.5}% 133
\BOOKMARK [1][-]{section.13.6}{\376\377\0001\0003\000.\0006\000\040\000T\000h\000e\000\040\000C\000o\000m\000p\000e\000t\000e\000n\000c\000y\000\040\000S\000h\000i\000f\000t}{chapter.13}% 134
\BOOKMARK [1][-]{section.13.7}{\376\377\0001\0003\000.\0007\000\040\000T\000h\000e\000\040\000D\000a\000y\000-\000i\000n\000-\000t\000h\000e\000-\000L\000i\000f\000e\000\040\000Q\000u\000e\000s\000t\000i\000o\000n}{chapter.13}% 135
\BOOKMARK [2][-]{subsection.13.7.1}{\376\377\0001\0003\000.\0007\000.\0001\000\040\000T\000h\000e\000\040\000E\000s\000c\000a\000l\000a\000t\000i\000o\000n\000\040\000E\000c\000o\000n\000o\000m\000y}{section.13.7}% 136
\BOOKMARK [0][-]{chapter.14}{\376\377\0001\0004\000\040\000T\000h\000e\000\040\000T\000e\000c\000h\000n\000i\000c\000a\000l\000\040\000S\000u\000b\000s\000t\000r\000a\000t\000e\000:\000\040\000V\000i\000s\000i\000o\000n\000C\000l\000a\000w}{}% 137
\BOOKMARK [1][-]{section.14.1}{\376\377\0001\0004\000.\0001\000\040\000A\000\040\000W\000o\000r\000k\000i\000n\000g\000\040\000A\000g\000e\000n\000t\000i\000c\000\040\000M\000e\000s\000h}{chapter.14}% 138
\BOOKMARK [1][-]{section.14.2}{\376\377\0001\0004\000.\0002\000\040\000A\000r\000c\000h\000i\000t\000e\000c\000t\000u\000r\000e\000\040\000S\000t\000a\000c\000k}{chapter.14}% 139
\BOOKMARK [2][-]{subsection.14.2.1}{\376\377\0001\0004\000.\0002\000.\0001\000\040\000O\000W\000L\000\040\0002\000\040\000O\000n\000t\000o\000l\000o\000g\000y\000\040\000E\000n\000g\000i\000n\000e}{section.14.2}% 140
\BOOKMARK [2][-]{subsection.14.2.2}{\376\377\0001\0004\000.\0002\000.\0002\000\040\000C\000l\000a\000u\000d\000e\000-\000F\000l\000o\000w\000\040\000O\000r\000c\000h\000e\000s\000t\000r\000a\000t\000i\000o\000n}{section.14.2}% 141
\BOOKMARK [2][-]{subsection.14.2.3}{\376\377\0001\0004\000.\0002\000.\0003\000\040\000W\000e\000b\000X\000R\000\040\0003\000D\000\040\000K\000n\000o\000w\000l\000e\000d\000g\000e\000\040\000V\000i\000s\000u\000a\000l\000i\000s\000a\000t\000i\000o\000n}{section.14.2}% 142
\BOOKMARK [2][-]{subsection.14.2.4}{\376\377\0001\0004\000.\0002\000.\0004\000\040\000N\000o\000s\000t\000r\000\040\000A\000g\000e\000n\000t\000\040\000I\000d\000e\000n\000t\000i\000t\000y}{section.14.2}% 143
\BOOKMARK [2][-]{subsection.14.2.5}{\376\377\0001\0004\000.\0002\000.\0005\000\040\000R\000u\000V\000e\000c\000t\000o\000r\000\040\000M\000e\000m\000o\000r\000y}{section.14.2}% 144
\BOOKMARK [1][-]{section.14.3}{\376\377\0001\0004\000.\0003\000\040\000W\000h\000a\000t\000\040\000I\000s\000\040\000R\000e\000a\000l\000\040\000a\000n\000d\000\040\000V\000e\000r\000i\000f\000i\000e\000d}{chapter.14}% 145
\BOOKMARK [1][-]{section.14.4}{\376\377\0001\0004\000.\0004\000\040\000W\000h\000a\000t\000\040\000W\000a\000s\000\040\000P\000r\000e\000v\000i\000o\000u\000s\000l\000y\000\040\000O\000v\000e\000r\000c\000l\000a\000i\000m\000e\000d}{chapter.14}% 146
\BOOKMARK [1][-]{section.14.5}{\376\377\0001\0004\000.\0005\000\040\000T\000h\000e\000\040\000C\000o\000r\000r\000e\000c\000t\000e\000d\000\040\000S\000t\000o\000r\000y}{chapter.14}% 147
\BOOKMARK [2][-]{subsection.14.5.1}{\376\377\0001\0004\000.\0005\000.\0001\000\040\000W\000h\000a\000t\000\040\000T\000h\000i\000s\000\040\000P\000r\000o\000v\000e\000s}{section.14.5}% 148
\BOOKMARK [2][-]{subsection.14.5.2}{\376\377\0001\0004\000.\0005\000.\0002\000\040\000W\000h\000a\000t\000\040\000T\000h\000i\000s\000\040\000D\000o\000e\000s\000\040\000N\000o\000t\000\040\000Y\000e\000t\000\040\000P\000r\000o\000v\000e}{section.14.5}% 149
\BOOKMARK [1][-]{section.14.6}{\376\377\0001\0004\000.\0006\000\040\000V\000i\000s\000i\000o\000n\000C\000l\000a\000w\000\040\000i\000n\000\040\000L\000i\000u\000'\000s\000\040\000T\000a\000x\000o\000n\000o\000m\000y}{chapter.14}% 150
\BOOKMARK [1][-]{section.14.7}{\376\377\0001\0004\000.\0007\000\040\000P\000o\000s\000i\000t\000i\000o\000n\000i\000n\000g\000\040\000G\000u\000i\000d\000a\000n\000c\000e}{chapter.14}% 151
\BOOKMARK [0][-]{chapter.15}{\376\377\0001\0005\000\040\000F\000r\000o\000m\000\040\000O\000r\000g\000\040\000C\000h\000a\000r\000t\000\040\000t\000o\000\040\000A\000g\000e\000n\000t\000i\000c\000\040\000M\000e\000s\000h\000:\000\040\000I\000m\000p\000l\000e\000m\000e\000n\000t\000a\000t\000i\000o\000n}{}% 152
\BOOKMARK [1][-]{section.15.1}{\376\377\0001\0005\000.\0001\000\040\000T\000h\000e\000\040\000B\000o\000o\000t\000s\000t\000r\000a\000p\000\040\000S\000e\000q\000u\000e\000n\000c\000e}{chapter.15}% 153
\BOOKMARK [1][-]{section.15.2}{\376\377\0001\0005\000.\0002\000\040\000L\000e\000s\000s\000o\000n\000s\000\040\000f\000r\000o\000m\000\040\000t\000h\000e\000\040\000F\000i\000e\000l\000d\000:\000\040\000T\000h\000e\000\040\000P\000l\000a\000y\000b\000o\000o\000k\000\040\000C\000r\000o\000s\000s\000-\000C\000h\000e\000c\000k}{chapter.15}% 154
\BOOKMARK [1][-]{section.15.3}{\376\377\0001\0005\000.\0003\000\040\000P\000h\000a\000s\000e\000\040\0001\000:\000\040\000A\000u\000d\000i\000t\000\040\000a\000n\000d\000\040\000D\000i\000s\000c\000o\000v\000e\000r\000y\000\040\000\050\000D\000a\000y\000s\000\040\0001\040\023\0003\0000\000\051}{chapter.15}% 155
\BOOKMARK [2][-]{subsection.15.3.1}{\376\377\0001\0005\000.\0003\000.\0001\000\040\000S\000h\000a\000d\000o\000w\000\040\000W\000o\000r\000k\000f\000l\000o\000w\000\040\000A\000u\000d\000i\000t}{section.15.3}% 156
\BOOKMARK [2][-]{subsection.15.3.2}{\376\377\0001\0005\000.\0003\000.\0002\000\040\000F\000r\000i\000c\000t\000i\000o\000n\000\040\000P\000o\000i\000n\000t\000\040\000I\000d\000e\000n\000t\000i\000f\000i\000c\000a\000t\000i\000o\000n}{section.15.3}% 157
\BOOKMARK [2][-]{subsection.15.3.3}{\376\377\0001\0005\000.\0003\000.\0003\000\040\000M\000o\000n\000i\000t\000o\000r\000i\000n\000g\000\040\000D\000e\000p\000l\000o\000y\000m\000e\000n\000t}{section.15.3}% 158
\BOOKMARK [2][-]{subsection.15.3.4}{\376\377\0001\0005\000.\0003\000.\0004\000\040\000B\000a\000s\000e\000l\000i\000n\000e\000\040\000M\000e\000a\000s\000u\000r\000e\000m\000e\000n\000t}{section.15.3}% 159
\BOOKMARK [2][-]{subsection.15.3.5}{\376\377\0001\0005\000.\0003\000.\0005\000\040\000J\000u\000d\000g\000m\000e\000n\000t\000\040\000B\000r\000o\000k\000e\000r\000\040\000I\000d\000e\000n\000t\000i\000f\000i\000c\000a\000t\000i\000o\000n}{section.15.3}% 160
\BOOKMARK [2][-]{subsection.15.3.6}{\376\377\0001\0005\000.\0003\000.\0006\000\040\000L\000e\000g\000a\000l\000\040\000a\000n\000d\000\040\000R\000e\000g\000u\000l\000a\000t\000o\000r\000y\000\040\000G\000r\000o\000u\000n\000d\000w\000o\000r\000k}{section.15.3}% 161
\BOOKMARK [1][-]{section.15.4}{\376\377\0001\0005\000.\0004\000\040\000P\000h\000a\000s\000e\000\040\0002\000:\000\040\000A\000r\000c\000h\000i\000t\000e\000c\000t\000u\000r\000e\000\040\000a\000n\000d\000\040\000C\000o\000d\000i\000f\000i\000c\000a\000t\000i\000o\000n\000\040\000\050\000D\000a\000y\000s\000\040\0003\0001\040\023\0006\0000\000\051}{chapter.15}% 162
\BOOKMARK [2][-]{subsection.15.4.1}{\376\377\0001\0005\000.\0004\000.\0001\000\040\000A\000g\000e\000n\000t\000\040\000S\000k\000i\000l\000l\000\040\000P\000i\000l\000o\000t}{section.15.4}% 163
\BOOKMARK [2][-]{subsection.15.4.2}{\376\377\0001\0005\000.\0004\000.\0002\000\040\000D\000o\000m\000a\000i\000n\000\040\000O\000n\000t\000o\000l\000o\000g\000y\000\040\000C\000o\000n\000s\000t\000r\000u\000c\000t\000i\000o\000n}{section.15.4}% 164
\BOOKMARK [2][-]{subsection.15.4.3}{\376\377\0001\0005\000.\0004\000.\0003\000\040\000D\000A\000G\000\040\000C\000o\000n\000s\000t\000r\000u\000c\000t\000i\000o\000n}{section.15.4}% 165
\BOOKMARK [2][-]{subsection.15.4.4}{\376\377\0001\0005\000.\0004\000.\0004\000\040\000J\000u\000d\000g\000m\000e\000n\000t\000\040\000B\000r\000o\000k\000e\000r\000\040\000W\000o\000r\000k\000s\000h\000o\000p\000s}{section.15.4}% 166
\BOOKMARK [2][-]{subsection.15.4.5}{\376\377\0001\0005\000.\0004\000.\0005\000\040\000P\000r\000o\000t\000e\000c\000t\000e\000d\000\040\000E\000x\000p\000e\000r\000i\000m\000e\000n\000t\000a\000t\000i\000o\000n\000\040\000T\000i\000m\000e}{section.15.4}% 167
\BOOKMARK [1][-]{section.15.5}{\376\377\0001\0005\000.\0005\000\040\000P\000h\000a\000s\000e\000\040\0003\000:\000\040\000L\000i\000v\000e\000\040\000M\000e\000s\000h\000\040\000a\000n\000d\000\040\000G\000o\000v\000e\000r\000n\000a\000n\000c\000e\000\040\000\050\000D\000a\000y\000s\000\040\0006\0001\040\023\0009\0000\000\040\000a\000n\000d\000\040\000B\000e\000y\000o\000n\000d\000\051}{chapter.15}% 168
\BOOKMARK [2][-]{subsection.15.5.1}{\376\377\0001\0005\000.\0005\000.\0001\000\040\000P\000r\000o\000d\000u\000c\000t\000i\000o\000n\000\040\000M\000e\000s\000h\000\040\000A\000c\000t\000i\000v\000a\000t\000i\000o\000n}{section.15.5}% 169
\BOOKMARK [2][-]{subsection.15.5.2}{\376\377\0001\0005\000.\0005\000.\0002\000\040\000G\000o\000v\000e\000r\000n\000a\000n\000c\000e\000\040\000A\000c\000t\000i\000v\000a\000t\000i\000o\000n}{section.15.5}% 170
\BOOKMARK [2][-]{subsection.15.5.3}{\376\377\0001\0005\000.\0005\000.\0003\000\040\000I\000n\000s\000i\000g\000h\000t\000\040\000P\000o\000r\000t\000a\000l\000\040\000L\000a\000u\000n\000c\000h}{section.15.5}% 171
\BOOKMARK [2][-]{subsection.15.5.4}{\376\377\0001\0005\000.\0005\000.\0004\000\040\000F\000i\000r\000s\000t\000\040\000M\000e\000s\000h\000\040\000I\000n\000t\000e\000l\000l\000i\000g\000e\000n\000c\000e\000\040\000R\000e\000p\000o\000r\000t}{section.15.5}% 172
\BOOKMARK [2][-]{subsection.15.5.5}{\376\377\0001\0005\000.\0005\000.\0005\000\040\000C\000o\000m\000p\000o\000u\000n\000d\000\040\000L\000o\000o\000p\000\040\000I\000n\000i\000t\000i\000a\000t\000i\000o\000n}{section.15.5}% 173
\BOOKMARK [1][-]{section.15.6}{\376\377\0001\0005\000.\0006\000\040\000T\000h\000e\000\040\000W\000a\000r\000d\000l\000e\000y\000\040\000M\000a\000p\000:\000\040\000M\000i\000d\000d\000l\000e\000\040\000M\000a\000n\000a\000g\000e\000r\000\040\000E\000v\000o\000l\000u\000t\000i\000o\000n}{chapter.15}% 174
\BOOKMARK [1][-]{section.15.7}{\376\377\0001\0005\000.\0007\000\040\000C\000o\000s\000t\000\040\000T\000i\000e\000r\000\040\000M\000o\000d\000e\000l}{chapter.15}% 175
\BOOKMARK [1][-]{section.15.8}{\376\377\0001\0005\000.\0008\000\040\000F\000a\000i\000l\000u\000r\000e\000\040\000C\000r\000i\000t\000e\000r\000i\000a\000:\000\040\000W\000h\000e\000n\000\040\000t\000o\000\040\000S\000t\000o\000p}{chapter.15}% 176
\BOOKMARK [1][-]{section.15.9}{\376\377\0001\0005\000.\0009\000\040\000R\000e\000s\000i\000s\000t\000a\000n\000c\000e\000\040\000M\000i\000t\000i\000g\000a\000t\000i\000o\000n\000\040\000i\000n\000\040\000t\000h\000e\000\040\000R\000o\000a\000d\000m\000a\000p}{chapter.15}% 177
\BOOKMARK [0][-]{chapter.16}{\376\377\0001\0006\000\040\000D\000o\000g\000f\000o\000o\000d\000i\000n\000g\000\040\000t\000h\000e\000\040\000M\000e\000s\000h\000:\000\040\000A\000\040\000R\000o\000a\000d\000m\000a\000p\000\040\000f\000o\000r\000\040\000t\000h\000e\000\040\000D\000r\000e\000a\000m\000L\000a\000b\000\040\000E\000c\000o\000s\000y\000s\000t\000e\000m}{}% 178
\BOOKMARK [1][-]{section.16.1}{\376\377\0001\0006\000.\0001\000\040\000W\000h\000y\000\040\000T\000h\000i\000s\000\040\000C\000h\000a\000p\000t\000e\000r\000\040\000E\000x\000i\000s\000t\000s}{chapter.16}% 179
\BOOKMARK [1][-]{section.16.2}{\376\377\0001\0006\000.\0002\000\040\000T\000h\000e\000\040\000E\000c\000o\000s\000y\000s\000t\000e\000m\000\040\000a\000s\000\040\000I\000t\000\040\000S\000t\000a\000n\000d\000s}{chapter.16}% 180
\BOOKMARK [1][-]{section.16.3}{\376\377\0001\0006\000.\0003\000\040\000F\000i\000t\000t\000i\000n\000g\000\040\000t\000h\000e\000\040\000F\000i\000n\000d\000i\000n\000g\000s\000\040\000t\000o\000\040\000t\000h\000e\000\040\000A\000r\000c\000h\000i\000t\000e\000c\000t\000u\000r\000e}{chapter.16}% 181
\BOOKMARK [1][-]{section.16.4}{\376\377\0001\0006\000.\0004\000\040\000T\000w\000e\000l\000v\000e\000\040\000T\000a\000n\000g\000i\000b\000l\000e\000\040\000R\000e\000c\000o\000m\000m\000e\000n\000d\000a\000t\000i\000o\000n\000s}{chapter.16}% 182
\BOOKMARK [1][-]{section.16.5}{\376\377\0001\0006\000.\0005\000\040\000M\000e\000a\000s\000u\000r\000e\000m\000e\000n\000t\000\040\000C\000o\000m\000m\000i\000t\000m\000e\000n\000t\000s}{chapter.16}% 183
\BOOKMARK [1][-]{section.16.6}{\376\377\0001\0006\000.\0006\000\040\000H\000o\000n\000e\000s\000t\000\040\000L\000i\000m\000i\000t\000s}{chapter.16}% 184
\BOOKMARK [0][-]{chapter.17}{\376\377\0001\0007\000\040\000O\000p\000e\000n\000\040\000Q\000u\000e\000s\000t\000i\000o\000n\000s\000\040\000a\000n\000d\000\040\000R\000e\000s\000e\000a\000r\000c\000h\000\040\000D\000i\000r\000e\000c\000t\000i\000o\000n\000s}{}% 185
\BOOKMARK [1][-]{section.17.1}{\376\377\0001\0007\000.\0001\000\040\000T\000h\000e\000\040\000C\000o\000r\000e\000\040\000T\000h\000e\000s\000i\000s\000\040\000I\000s\000\040\000I\000n\000c\000o\000m\000p\000l\000e\000t\000e}{chapter.17}% 186
\BOOKMARK [2][-]{subsection.17.1.1}{\376\377\0001\0007\000.\0001\000.\0001\000\040\000L\000e\000g\000i\000t\000i\000m\000a\000t\000i\000o\000n}{section.17.1}% 187
\BOOKMARK [2][-]{subsection.17.1.2}{\376\377\0001\0007\000.\0001\000.\0002\000\040\000A\000c\000c\000o\000u\000n\000t\000a\000b\000i\000l\000i\000t\000y}{section.17.1}% 188
\BOOKMARK [2][-]{subsection.17.1.3}{\376\377\0001\0007\000.\0001\000.\0003\000\040\000P\000o\000l\000i\000t\000i\000c\000a\000l\000\040\000N\000e\000g\000o\000t\000i\000a\000t\000i\000o\000n}{section.17.1}% 189
\BOOKMARK [1][-]{section.17.2}{\376\377\0001\0007\000.\0002\000\040\000E\000v\000i\000d\000e\000n\000c\000e\000\040\000B\000a\000s\000e\000\040\000W\000e\000a\000k\000n\000e\000s\000s\000e\000s}{chapter.17}% 190
\BOOKMARK [2][-]{subsection.17.2.1}{\376\377\0001\0007\000.\0002\000.\0001\000\040\000T\000h\000e\000\040\000J\000a\000g\000g\000e\000d\000\040\000F\000r\000o\000n\000t\000i\000e\000r\000\040\000M\000a\000p\000\040\000I\000s\000\040\000O\000u\000t\000d\000a\000t\000e\000d}{section.17.2}% 191
\BOOKMARK [2][-]{subsection.17.2.2}{\376\377\0001\0007\000.\0002\000.\0002\000\040\000T\000h\000e\000\040\0001\0007\000\040\000E\000r\000r\000o\000r\000\040\000S\000o\000u\000r\000c\000e\000:\000\040\000R\000e\000s\000o\000l\000v\000e\000d}{section.17.2}% 192
\BOOKMARK [2][-]{subsection.17.2.3}{\376\377\0001\0007\000.\0002\000.\0003\000\040\000T\000h\000e\000\040\000K\000l\000a\000r\000n\000a\000\040\000N\000a\000r\000r\000a\000t\000i\000v\000e\000\040\000I\000s\000\040\000C\000h\000e\000r\000r\000y\000-\000P\000i\000c\000k\000e\000d}{section.17.2}% 193
\BOOKMARK [2][-]{subsection.17.2.4}{\376\377\0001\0007\000.\0002\000.\0004\000\040\000T\000h\000e\000\040\0008\0009\000\040\000P\000e\000r\000\040\000C\000e\000n\000t\000\040\000R\000e\000d\000u\000c\000t\000i\000o\000n}{section.17.2}% 194
\BOOKMARK [2][-]{subsection.17.2.5}{\376\377\0001\0007\000.\0002\000.\0005\000\040\000V\000e\000n\000d\000o\000r\000\040\000R\000e\000p\000o\000r\000t\000\040\000M\000e\000t\000h\000o\000d\000o\000l\000o\000g\000y}{section.17.2}% 195
\BOOKMARK [1][-]{section.17.3}{\376\377\0001\0007\000.\0003\000\040\000A\000u\000d\000i\000e\000n\000c\000e\000\040\000B\000l\000i\000n\000d\000\040\000S\000p\000o\000t\000s}{chapter.17}% 196
\BOOKMARK [2][-]{subsection.17.3.1}{\376\377\0001\0007\000.\0003\000.\0001\000\040\000N\000o\000\040\000D\000a\000y\000-\000i\000n\000-\000t\000h\000e\000-\000L\000i\000f\000e}{section.17.3}% 197
\BOOKMARK [2][-]{subsection.17.3.2}{\376\377\0001\0007\000.\0003\000.\0002\000\040\000N\000o\000\040\000T\000o\000t\000a\000l\000\040\000C\000o\000s\000t\000\040\000o\000f\000\040\000O\000w\000n\000e\000r\000s\000h\000i\000p}{section.17.3}% 198
\BOOKMARK [2][-]{subsection.17.3.3}{\376\377\0001\0007\000.\0003\000.\0003\000\040\000T\000h\000e\000\040\000R\000o\000a\000d\000m\000a\000p\000\040\000C\000o\000n\000t\000r\000a\000d\000i\000c\000t\000i\000o\000n}{section.17.3}% 199
\BOOKMARK [2][-]{subsection.17.3.4}{\376\377\0001\0007\000.\0003\000.\0004\000\040\000T\000h\000e\000\040\000A\000n\000a\000l\000y\000s\000t\000-\000V\000e\000n\000d\000o\000r\000\040\000C\000o\000n\000f\000l\000i\000c\000t}{section.17.3}% 200
\BOOKMARK [1][-]{section.17.4}{\376\377\0001\0007\000.\0004\000\040\000E\000n\000g\000a\000g\000i\000n\000g\000\040\000w\000i\000t\000h\000\040\000A\000c\000e\000m\000o\000g\000l\000u}{chapter.17}% 201
\BOOKMARK [1][-]{section.17.5}{\376\377\0001\0007\000.\0005\000\040\000N\000e\000w\000\040\000O\000p\000e\000n\000\040\000Q\000u\000e\000s\000t\000i\000o\000n\000s\000\040\000\050\000J\000u\000l\000y\000\040\0002\0000\0002\0006\000\051}{chapter.17}% 202
\BOOKMARK [1][-]{section.17.6}{\376\377\0001\0007\000.\0006\000\040\000E\000n\000e\000r\000g\000y\000\040\000a\000n\000d\000\040\000E\000n\000v\000i\000r\000o\000n\000m\000e\000n\000t\000a\000l\000\040\000C\000o\000s\000t\000s}{chapter.17}% 203
\BOOKMARK [1][-]{section.17.7}{\376\377\0001\0007\000.\0007\000\040\000C\000y\000b\000e\000r\000s\000e\000c\000u\000r\000i\000t\000y\000\040\000A\000t\000t\000a\000c\000k\000\040\000S\000u\000r\000f\000a\000c\000e}{chapter.17}% 204
\BOOKMARK [1][-]{section.17.8}{\376\377\0001\0007\000.\0008\000\040\000E\000q\000u\000i\000t\000y\000\040\000a\000n\000d\000\040\000A\000c\000c\000e\000s\000s}{chapter.17}% 205
\BOOKMARK [1][-]{section.17.9}{\376\377\0001\0007\000.\0009\000\040\000C\000o\000m\000p\000e\000t\000i\000n\000g\000\040\000F\000r\000a\000m\000e\000w\000o\000r\000k\000s\000\040\000N\000o\000t\000\040\000A\000d\000d\000r\000e\000s\000s\000e\000d}{chapter.17}% 206
\BOOKMARK [1][-]{section.17.10}{\376\377\0001\0007\000.\0001\0000\000\040\000T\000h\000e\000\040\000V\000i\000s\000i\000o\000n\000C\000l\000a\000w\000\040\000C\000r\000e\000d\000i\000b\000i\000l\000i\000t\000y\000\040\000G\000a\000p}{chapter.17}% 207
\BOOKMARK [1][-]{section.17.11}{\376\377\0001\0007\000.\0001\0001\000\040\000A\000d\000d\000i\000t\000i\000o\000n\000a\000l\000\040\000F\000a\000i\000l\000u\000r\000e\000\040\000M\000o\000d\000e\000s}{chapter.17}% 208
\BOOKMARK [0][-]{chapter.18}{\376\377\0001\0008\000\040\000C\000o\000n\000c\000l\000u\000s\000i\000o\000n\000:\000\040\000T\000h\000e\000\040\000T\000h\000r\000o\000u\000g\000h\000\040\000L\000i\000n\000e}{}% 209
\BOOKMARK [1][-]{section.18.1}{\376\377\0001\0008\000.\0001\000\040\000S\000y\000n\000t\000h\000e\000s\000i\000s}{chapter.18}% 210
\BOOKMARK [1][-]{section.18.2}{\376\377\0001\0008\000.\0002\000\040\000B\000l\000o\000c\000k\000\040\000W\000a\000s\000\040\000R\000i\000g\000h\000t\000\040\000A\000b\000o\000u\000t\000\040\000t\000h\000e\000\040\000D\000i\000a\000g\000n\000o\000s\000i\000s}{chapter.18}% 211
\BOOKMARK [1][-]{section.18.3}{\376\377\0001\0008\000.\0003\000\040\000E\000v\000e\000r\000y\000o\000n\000e\000\040\000I\000s\000\040\000a\000\040\000M\000a\000n\000a\000g\000e\000r\000\040\000N\000o\000w\000\040\040\024\000\040\000A\000n\000d\000\040\000T\000h\000a\000t\000\040\000C\000h\000a\000n\000g\000e\000s\000\040\000E\000v\000e\000r\000y\000t\000h\000i\000n\000g}{chapter.18}% 212
\BOOKMARK [1][-]{section.18.4}{\376\377\0001\0008\000.\0004\000\040\000T\000h\000e\000\040\000C\000o\000m\000p\000o\000u\000n\000d\000\040\000F\000l\000y\000w\000h\000e\000e\000l}{chapter.18}% 213
\BOOKMARK [1][-]{section.18.5}{\376\377\0001\0008\000.\0005\000\040\000W\000h\000a\000t\000\040\000t\000h\000e\000\040\000E\000v\000i\000d\000e\000n\000c\000e\000\040\000S\000u\000p\000p\000o\000r\000t\000s}{chapter.18}% 214
\BOOKMARK [1][-]{section.18.6}{\376\377\0001\0008\000.\0006\000\040\000W\000h\000a\000t\000\040\000t\000h\000e\000\040\000E\000v\000i\000d\000e\000n\000c\000e\000\040\000D\000o\000e\000s\000\040\000N\000o\000t\000\040\000Y\000e\000t\000\040\000S\000u\000p\000p\000o\000r\000t}{chapter.18}% 215
\BOOKMARK [1][-]{section.18.7}{\376\377\0001\0008\000.\0007\000\040\000C\000l\000o\000s\000i\000n\000g\000\040\000M\000e\000s\000s\000a\000g\000e\000s}{chapter.18}% 216
\BOOKMARK [2][-]{subsection.18.7.1}{\376\377\0001\0008\000.\0007\000.\0001\000\040\000F\000o\000r\000\040\000M\000i\000d\000d\000l\000e\000\040\000M\000a\000n\000a\000g\000e\000r\000s}{section.18.7}% 217
\BOOKMARK [2][-]{subsection.18.7.2}{\376\377\0001\0008\000.\0007\000.\0002\000\040\000F\000o\000r\000\040\000C\000h\000a\000n\000g\000e\000\040\000M\000a\000n\000a\000g\000e\000r\000s}{section.18.7}% 218
\BOOKMARK [2][-]{subsection.18.7.3}{\376\377\0001\0008\000.\0007\000.\0003\000\040\000F\000o\000r\000\040\000A\000I\000\040\000L\000e\000a\000d\000e\000r\000s}{section.18.7}% 219
\BOOKMARK [2][-]{subsection.18.7.4}{\376\377\0001\0008\000.\0007\000.\0004\000\040\000F\000o\000r\000\040\000A\000l\000l\000\040\000T\000h\000r\000e\000e}{section.18.7}% 220
\BOOKMARK [0][-]{chapter*.28}{\376\377\000R\000e\000f\000e\000r\000e\000n\000c\000e\000s}{}% 221
\BOOKMARK [0][-]{appendix*.29}{\376\377\000R\000e\000s\000e\000a\000r\000c\000h\000\040\000M\000e\000t\000h\000o\000d\000o\000l\000o\000g\000y}{}% 222
\BOOKMARK [1][-]{section.Alph0.1}{\376\377\000.\0001\000\040\000M\000u\000l\000t\000i\000-\000A\000g\000e\000n\000t\000\040\000R\000e\000s\000e\000a\000r\000c\000h\000\040\000A\000r\000c\000h\000i\000t\000e\000c\000t\000u\000r\000e}{appendix*.29}% 223
\BOOKMARK [1][-]{section.Alph0.2}{\376\377\000.\0002\000\040\000S\000o\000u\000r\000c\000e\000\040\000S\000e\000l\000e\000c\000t\000i\000o\000n\000\040\000a\000n\000d\000\040\000Q\000u\000a\000l\000i\000t\000y\000\040\000A\000s\000s\000e\000s\000s\000m\000e\000n\000t}{appendix*.29}% 224
\BOOKMARK [2][-]{subsection.Alph0.2.1}{\376\377\000.\0002\000.\0001\000\040\000T\000i\000e\000r\000\040\0001\000:\000\040\000P\000e\000e\000r\000-\000R\000e\000v\000i\000e\000w\000e\000d\000\040\000a\000n\000d\000\040\000P\000r\000e\000-\000R\000e\000g\000i\000s\000t\000e\000r\000e\000d\000\040\000R\000e\000s\000e\000a\000r\000c\000h}{section.Alph0.2}% 225
\BOOKMARK [2][-]{subsection.Alph0.2.2}{\376\377\000.\0002\000.\0002\000\040\000T\000i\000e\000r\000\040\0002\000:\000\040\000I\000n\000s\000t\000i\000t\000u\000t\000i\000o\000n\000a\000l\000\040\000R\000e\000s\000e\000a\000r\000c\000h\000\040\000w\000i\000t\000h\000\040\000D\000i\000s\000c\000l\000o\000s\000e\000d\000\040\000M\000e\000t\000h\000o\000d\000o\000l\000o\000g\000y}{section.Alph0.2}% 226
\BOOKMARK [2][-]{subsection.Alph0.2.3}{\376\377\000.\0002\000.\0003\000\040\000T\000i\000e\000r\000\040\0003\000:\000\040\000E\000x\000p\000e\000r\000t\000\040\000C\000o\000m\000m\000e\000n\000t\000a\000r\000y\000\040\000a\000n\000d\000\040\000P\000r\000i\000m\000a\000r\000y\000\040\000A\000c\000c\000o\000u\000n\000t\000s}{section.Alph0.2}% 227
\BOOKMARK [2][-]{subsection.Alph0.2.4}{\376\377\000.\0002\000.\0004\000\040\000T\000i\000e\000r\000\040\0004\000:\000\040\000C\000o\000m\000m\000u\000n\000i\000t\000y\000\040\000a\000n\000d\000\040\000V\000e\000n\000d\000o\000r\000\040\000S\000o\000u\000r\000c\000e\000s}{section.Alph0.2}% 228
\BOOKMARK [1][-]{section.Alph0.3}{\376\377\000.\0003\000\040\000W\000e\000b\000\040\000S\000e\000a\000r\000c\000h\000\040\000a\000n\000d\000\040\000A\000c\000a\000d\000e\000m\000i\000c\000\040\000D\000a\000t\000a\000b\000a\000s\000e\000\040\000A\000p\000p\000r\000o\000a\000c\000h}{appendix*.29}% 229
\BOOKMARK [1][-]{section.Alph0.4}{\376\377\000.\0004\000\040\000C\000o\000d\000e\000b\000a\000s\000e\000\040\000A\000u\000d\000i\000t\000\040\000M\000e\000t\000h\000o\000d\000o\000l\000o\000g\000y}{appendix*.29}% 230
\BOOKMARK [1][-]{section.Alph0.5}{\376\377\000.\0005\000\040\000W\000a\000r\000d\000l\000e\000y\000\040\000M\000a\000p\000p\000i\000n\000g\000\040\000M\000e\000t\000h\000o\000d\000o\000l\000o\000g\000y}{appendix*.29}% 231
\BOOKMARK [1][-]{section.Alph0.6}{\376\377\000.\0006\000\040\000T\000h\000e\000\040\000J\000u\000l\000y\000\040\0002\0000\0002\0006\000\040\000R\000e\000v\000i\000s\000i\000o\000n}{appendix*.29}% 232
\BOOKMARK [1][-]{section.Alph0.7}{\376\377\000.\0007\000\040\000L\000i\000m\000i\000t\000a\000t\000i\000o\000n\000s\000\040\000o\000f\000\040\000t\000h\000e\000\040\000R\000e\000s\000e\000a\000r\000c\000h\000\040\000P\000r\000o\000c\000e\000s\000s}{appendix*.29}% 233
\BOOKMARK [1][-]{section.Alph0.8}{\376\377\000.\0008\000\040\000D\000i\000s\000c\000l\000o\000s\000u\000r\000e}{appendix*.29}% 234
\BOOKMARK [0][-]{appendix*.31}{\376\377\000C\000o\000m\000p\000e\000t\000i\000t\000o\000r\000\040\000C\000o\000m\000p\000a\000r\000i\000s\000o\000n\000\040\000M\000a\000t\000r\000i\000x}{}% 235
\BOOKMARK [1][-]{section.Alph0.9}{\376\377\000.\0009\000\040\000C\000o\000m\000p\000a\000r\000i\000s\000o\000n\000\040\000D\000i\000m\000e\000n\000s\000i\000o\000n\000s}{appendix*.31}% 236
\BOOKMARK [1][-]{section.Alph0.10}{\376\377\000.\0001\0000\000\040\000C\000o\000m\000p\000a\000r\000i\000s\000o\000n\000\040\000T\000a\000b\000l\000e\000s}{appendix*.31}% 237
\BOOKMARK [1][-]{section.Alph0.11}{\376\377\000.\0001\0001\000\040\000S\000t\000r\000a\000t\000e\000g\000i\000c\000\040\000P\000o\000s\000i\000t\000i\000o\000n\000i\000n\000g\000\040\000A\000n\000a\000l\000y\000s\000i\000s}{appendix*.31}% 238
\BOOKMARK [2][-]{subsection.Alph0.11.1}{\376\377\000.\0001\0001\000.\0001\000\040\000T\000h\000e\000\040\000A\000r\000c\000h\000i\000t\000e\000c\000t\000u\000r\000e\000\040\000G\000a\000p}{section.Alph0.11}% 239
\BOOKMARK [2][-]{subsection.Alph0.11.2}{\376\377\000.\0001\0001\000.\0002\000\040\000T\000h\000e\000\040\000G\000o\000v\000e\000r\000n\000a\000n\000c\000e\000\040\000G\000a\000p}{section.Alph0.11}% 240
\BOOKMARK [2][-]{subsection.Alph0.11.3}{\376\377\000.\0001\0001\000.\0003\000\040\000T\000h\000e\000\040\000S\000c\000a\000l\000e\000\040\000G\000a\000p}{section.Alph0.11}% 241
\BOOKMARK [2][-]{subsection.Alph0.11.4}{\376\377\000.\0001\0001\000.\0004\000\040\000T\000h\000e\000\040\000E\000v\000i\000d\000e\000n\000c\000e\000\040\000G\000a\000p}{section.Alph0.11}% 242
\BOOKMARK [1][-]{section.Alph0.12}{\376\377\000.\0001\0002\000\040\000W\000a\000r\000d\000l\000e\000y\000\040\000M\000a\000p\000:\000\040\000T\000h\000r\000e\000e\000\040\000M\000o\000d\000e\000l\000s\000\040\000C\000o\000m\000p\000a\000r\000e\000d}{appendix*.31}% 243
\BOOKMARK [1][-]{section.Alph0.13}{\376\377\000.\0001\0003\000\040\000C\000h\000o\000o\000s\000i\000n\000g\000\040\000t\000h\000e\000\040\000R\000i\000g\000h\000t\000\040\000F\000r\000a\000m\000e\000w\000o\000r\000k}{appendix*.31}% 244
\BOOKMARK [1][-]{section.Alph0.14}{\376\377\000.\0001\0004\000\040\000I\000n\000t\000e\000r\000p\000r\000e\000t\000a\000t\000i\000o\000n}{appendix*.31}% 245
\BOOKMARK [0][-]{appendix*.36}{\376\377\000G\000l\000o\000s\000s\000a\000r\000y\000\040\000o\000f\000\040\000K\000e\000y\000\040\000T\000e\000r\000m\000s}{}% 246
